// Jest Snapshot v1, https://goo.gl/fbAQLP

exports[`should return home 1`] = `
Object {
  "code": 200,
  "content": "
    Please try

    /:owner/:repo/:name/latest
    /:owner/:repo/latest
    /rate_limit
",
  "res": undefined,
}
`;
